<test-run id="2" testcasecount="4" result="Passed" start-time="2021-02-20 06:35:10.679506" end-time="2021-02-20 06:35:20.222861" duration="9" total="4" passed="3" failed="1" inconclusive="0" skipped="0" asserts="0" clr-version="3.8.5 (default, Sep  4 2020, 02:22:02) &#10;[Clang 10.0.0 ]" engine-version="3.6.2"><command-line>/Users/isaacteh/opt/anaconda3/lib/python3.8/site-packages/pytest/__main__.py chili-test.py -v --nunit-xml=test-results.xml --cov my_project --cov-report html</command-line><filter><test re="0">chili-test.py</test></filter><test-suite id="chili-test.py::TestTest" name="chili-test.py::TestTest" fullname="chili-test.py::TestTest" methodname="" classname="" runstate="Runnable" type="Assembly" testcasecount="4" result="Passed" label="" start-time="2021-02-20 06:35:12.158305" end-time="2021-02-20 06:35:20.207493" duration="8.049188" asserts="0" total="4" passed="3" failed="1" warnings="0" inconclusive="0" skipped="0"><properties><property name="python_version" value="3.8.5 (default, Sep  4 2020, 02:22:02) &#10;[Clang 10.0.0 ]" /></properties><test-case id="100" name="chili-test.py::TestTest::test_homepage" fullname="chili-test.py::TestTest::test_homepage" methodname="test_homepage" classname="TestTest" runstate="Runnable" seed="1" result="Passed" label="" start-time="2021-02-20 06:35:12.158305" end-time="2021-02-20 06:35:13.287527" duration="1.129222" asserts="0"><properties><property name="python-version" value="3.8.5 (default, Sep  4 2020, 02:22:02) &#10;[Clang 10.0.0 ]" /><property name="fspath" value="chili-test.py" /></properties><environment framework-version="3.6.2" clr-version="3.8.5 (default, Sep  4 2020, 02:22:02) &#10;[Clang 10.0.0 ]" os-version="19.6.0" platform="Darwin" cwd="/Users/isaacteh/Desktop/temp/maroon-chili/test" machine-name="x86_64" user="" user-domain="" culture="en-US" uiculture="en-US" os-architecture="64bit" /><failure><message><![CDATA[]]></message><stack-trace><![CDATA[None]]></stack-trace></failure><reason><message><![CDATA[]]></message></reason><output><![CDATA[]]></output><attachments><attachment><filePath>/Users/isaacteh/Desktop/temp/maroon-chili/test/home.png</filePath><description>home</description></attachment></attachments></test-case><test-case id="101" name="chili-test.py::TestTest::test_getstarted" fullname="chili-test.py::TestTest::test_getstarted" methodname="test_getstarted" classname="TestTest" runstate="Runnable" seed="1" result="Passed" label="" start-time="2021-02-20 06:35:14.638913" end-time="2021-02-20 06:35:15.771313" duration="1.1324" asserts="0"><properties><property name="python-version" value="3.8.5 (default, Sep  4 2020, 02:22:02) &#10;[Clang 10.0.0 ]" /><property name="fspath" value="chili-test.py" /></properties><environment framework-version="3.6.2" clr-version="3.8.5 (default, Sep  4 2020, 02:22:02) &#10;[Clang 10.0.0 ]" os-version="19.6.0" platform="Darwin" cwd="/Users/isaacteh/Desktop/temp/maroon-chili/test" machine-name="x86_64" user="" user-domain="" culture="en-US" uiculture="en-US" os-architecture="64bit" /><failure><message><![CDATA[]]></message><stack-trace><![CDATA[None]]></stack-trace></failure><reason><message><![CDATA[]]></message></reason><output><![CDATA[]]></output><attachments><attachment><filePath>/Users/isaacteh/Desktop/temp/maroon-chili/test/getstarted.png</filePath><description>getstarted</description></attachment></attachments></test-case><test-case id="102" name="chili-test.py::TestTest::test_blog" fullname="chili-test.py::TestTest::test_blog" methodname="test_blog" classname="TestTest" runstate="Runnable" seed="1" result="Passed" label="" start-time="2021-02-20 06:35:17.123331" end-time="2021-02-20 06:35:18.357896" duration="1.234565" asserts="0"><properties><property name="python-version" value="3.8.5 (default, Sep  4 2020, 02:22:02) &#10;[Clang 10.0.0 ]" /><property name="fspath" value="chili-test.py" /></properties><environment framework-version="3.6.2" clr-version="3.8.5 (default, Sep  4 2020, 02:22:02) &#10;[Clang 10.0.0 ]" os-version="19.6.0" platform="Darwin" cwd="/Users/isaacteh/Desktop/temp/maroon-chili/test" machine-name="x86_64" user="" user-domain="" culture="en-US" uiculture="en-US" os-architecture="64bit" /><failure><message><![CDATA[]]></message><stack-trace><![CDATA[None]]></stack-trace></failure><reason><message><![CDATA[]]></message></reason><output><![CDATA[]]></output><attachments><attachment><filePath>/Users/isaacteh/Desktop/temp/maroon-chili/test/blog.png</filePath><description>blog</description></attachment></attachments></test-case><test-case id="103" name="chili-test.py::TestTest::test_samples" fullname="chili-test.py::TestTest::test_samples" methodname="test_samples" classname="TestTest" runstate="Runnable" seed="1" result="Failed" label="" start-time="2021-02-20 06:35:19.713901" end-time="2021-02-20 06:35:20.207493" duration="0.493592" asserts="0"><properties><property name="python-version" value="3.8.5 (default, Sep  4 2020, 02:22:02) &#10;[Clang 10.0.0 ]" /><property name="fspath" value="chili-test.py" /></properties><environment framework-version="3.6.2" clr-version="3.8.5 (default, Sep  4 2020, 02:22:02) &#10;[Clang 10.0.0 ]" os-version="19.6.0" platform="Darwin" cwd="/Users/isaacteh/Desktop/temp/maroon-chili/test" machine-name="x86_64" user="" user-domain="" culture="en-US" uiculture="en-US" os-architecture="64bit" /><failure><message><![CDATA[self = &lt;chili-test.TestTest object at 0x7f86b053b790&gt;
add_nunit_attachment = &lt;bound method _NunitNodeReporter.add_attachment of &lt;pytest_nunit.plugin._NunitNodeReporter object at 0x7f86b055a640&gt;&gt;

    def test_samples(self, add_nunit_attachment):
      try:
          self.driver.set_window_size(1440, 795)
          self.driver.get("https://maroon-chili-27bd3.netlify.app/")
          elements = self.driver.find_elements(By.NAME, "sample")
&gt;         assert elements == "sample"
E         AssertionError: assert [] == 'sample'
E           +[]
E           -'sample'

chili-test.py:55: AssertionError]]></message><stack-trace><![CDATA[/Users/isaacteh/Desktop/temp/maroon-chili/test/chili-test.py:55: AssertionError: assert [] == 'sample']]></stack-trace></failure><reason><message><![CDATA[]]></message></reason><output><![CDATA[]]></output></test-case><environment framework-version="3.6.2" clr-version="3.8.5 (default, Sep  4 2020, 02:22:02) &#10;[Clang 10.0.0 ]" os-version="19.6.0" platform="Darwin" cwd="/Users/isaacteh/Desktop/temp/maroon-chili/test" machine-name="x86_64" user="" user-domain="" culture="en-US" uiculture="en-US" os-architecture="64bit" /></test-suite></test-run>